Protein identifier	Contig id	Start	Stop	Strand	Gene symbol	Sequence name	Scope	Element type	Element subtype	Class	Subclass	Method	Target length	Reference sequence length	% Coverage of reference sequence	% Identity to reference sequence	Alignment length	Accession of closest sequence	Name of closest sequence	HMM id	HMM description
NA	Contig_102_71.2014	32127	32543	-	fosB	FosB1/FosB3 family fosfomycin resistance bacillithiol transferase	core	AMR	AMR	FOSFOMYCIN	FOSFOMYCIN	EXACTX	139	139	100.00	100.00	139	WP_000920239.1	FosB1/FosB3 family fosfomycin resistance bacillithiol transferase	NA	NA
NA	Contig_117_63.8238	22439	23413	-	hlgB	bi-component gamma-hemolysin HlgAB/HlgCB subunit B	plus	VIRULENCE	VIRULENCE	NA	NA	BLASTX	325	325	100.00	97.54	325	CAA57278.1	bi-component gamma-hemolysin HlgAB/HlgCB subunit B	NA	NA
NA	Contig_117_63.8238	23418	24362	-	hlgC	bi-component gamma-hemolysin HlgCB subunit C	plus	VIRULENCE	VIRULENCE	NA	NA	BLASTX	315	315	100.00	97.14	315	CAA57277.1	bi-component gamma-hemolysin HlgCB subunit C	NA	NA
NA	Contig_117_63.8238	24932	25786	-	hlgA	bi-component gamma-hemolysin HlgAB subunit A	plus	VIRULENCE	VIRULENCE	NA	NA	BLASTX	285	309	92.23	100.00	285	AUU54669.1	bi-component gamma-hemolysin HlgAB subunit A	NA	NA
NA	Contig_142_12.1407	42	767	-	sei	staphylococcal enterotoxin type I	plus	VIRULENCE	VIRULENCE	NA	NA	BLASTX	242	243	99.59	93.80	242	SGR88193.1	staphylococcal enterotoxin type I	NA	NA
NA	Contig_142_12.1407	805	1521	-	sem	staphylococcal enterotoxin type M	plus	VIRULENCE	VIRULENCE	NA	NA	BLASTX	239	239	100.00	94.14	239	SGR88215.1	staphylococcal enterotoxin type M	NA	NA
NA	Contig_149_12.0723	3383	4198	-	sen	staphylococcal enterotoxin type N	plus	VIRULENCE	VIRULENCE	NA	NA	INTERNAL_STOP	272	272	100.00	99.26	272	SAO78304.1	staphylococcal enterotoxin type N	NA	NA
NA	Contig_33_93.5301	33885	35237	+	mepA	multidrug efflux MATE transporter MepA	plus	AMR	AMR	TETRACYCLINE	TIGECYCLINE	EXACTX	451	451	100.00	100.00	451	BAB41547.1	multidrug efflux MATE transporter MepA	NA	NA
NA	Contig_33_93.5301	68548	69156	+	selX	staphylococcal enterotoxin-like toxin X	plus	VIRULENCE	VIRULENCE	NA	NA	BLASTX	203	203	100.00	96.06	203	AEI60187.1	staphylococcal enterotoxin-like toxin X	NA	NA
NA	Contig_34_80.0696	8826	9581	+	seo	staphylococcal enterotoxin type O	plus	VIRULENCE	VIRULENCE	NA	NA	BLASTX	252	260	96.92	100.00	252	BAB42916.1	staphylococcal enterotoxin type O	NA	NA
NA	Contig_50_31.8475	2446	3165	-	splB	serine protease SplB	plus	VIRULENCE	VIRULENCE	NA	NA	BLASTX	240	240	100.00	98.75	240	ABD31003.1	serine protease SplB	NA	NA
NA	Contig_50_31.8475	3293	3997	-	splA	serine protease SplA	plus	VIRULENCE	VIRULENCE	NA	NA	BLASTX	235	235	100.00	97.02	235	ABD31004.1	serine protease SplA	NA	NA
NA	Contig_50_31.8475	8131	9111	-	lukD	bi-component leukocidin LukED subunit D	plus	VIRULENCE	VIRULENCE	NA	NA	BLASTX	327	327	100.00	94.19	327	CAA73668.1	bi-component leukocidin LukED subunit D	NA	NA
NA	Contig_50_31.8475	9116	10048	-	lukE	bi-component leukocidin LukED subunit E	plus	VIRULENCE	VIRULENCE	NA	NA	BLASTX	311	311	100.00	99.68	311	RCV70079.1	bi-component leukocidin LukED subunit E	NA	NA
NA	Contig_51_73.4663	32686	34125	+	lmrS	multidrug efflux MFS transporter LmrS	plus	STRESS	BIOCIDE	MACROLIDE/PHENICOL	CHLORAMPHENICOL/ERYTHROMYCIN	BLASTX	480	480	100.00	98.96	480	AAW38464.1	multidrug efflux MFS transporter LmrS	NA	NA
NA	Contig_60_1110.15	4592	5206	+	cadD	cadmium resistance transporter CadD	plus	STRESS	METAL	CADMIUM	CADMIUM	BLASTX	205	205	100.00	99.51	205	BAB43874.1	cadmium resistance transporter CadD	NA	NA
NA	Contig_60_1110.15	10224	10601	-	blaI	penicillinase repressor BlaI	core	AMR	AMR	BETA-LACTAM	BETA-LACTAM	BLASTX	126	126	100.00	99.21	126	WP_001284656.1	penicillinase repressor BlaI	NA	NA
NA	Contig_60_1110.15	10594	12348	-	blaR1	beta-lactam sensor/signal transducer BlaR1	core	AMR	AMR	BETA-LACTAM	BETA-LACTAM	BLASTX	585	585	100.00	95.56	585	WP_001096386.1	beta-lactam sensor/signal transducer BlaR1	NA	NA
NA	Contig_60_1110.15	12455	13297	+	blaZ	penicillin-hydrolyzing class A beta-lactamase BlaZ	core	AMR	AMR	BETA-LACTAM	BETA-LACTAM	EXACTX	281	281	100.00	100.00	281	WP_000733289.1	penicillin-hydrolyzing class A beta-lactamase BlaZ	NA	NA
NA	Contig_63_72.3063	3518	4492	-	mecR1	beta-lactam sensor/signal transducer MecR1	core	AMR	AMR	BETA-LACTAM	METHICILLIN	PARTIALX	325	585	55.56	100.00	325	WP_000952923.1	beta-lactam sensor/signal transducer MecR1	NA	NA
NA	Contig_66_88.4959	3063	4112	+	icaC	polysaccharide intercellular adhesin biosynthesis/export protein IcaC	plus	VIRULENCE	VIRULENCE	NA	NA	EXACTX	350	350	100.00	100.00	350	AUU58561.1	polysaccharide intercellular adhesin biosynthesis/export protein IcaC	NA	NA
NA	Contig_72_71.6174	15	1541	+	aur	zinc metalloproteinase aureolysin	plus	VIRULENCE	VIRULENCE	NA	NA	BLASTX	509	509	100.00	99.21	509	EHO93748.1	zinc metalloproteinase aureolysin	NA	NA
NA	Contig_90_99.2941	26242	27591	+	tet(38)	tetracycline efflux MFS transporter Tet(38)	core	AMR	AMR	TETRACYCLINE	TETRACYCLINE	EXACTX	450	450	100.00	100.00	450	WP_001100299.1	tetracycline efflux MFS transporter Tet(38)	NA	NA
NA	Contig_93_113.377	2691	4685	-	mecA	PBP2a family beta-lactam-resistant peptidoglycan transpeptidase MecA	core	AMR	AMR	BETA-LACTAM	METHICILLIN	BLASTX	665	668	99.55	100.00	665	WP_000721310.1	PBP2a family beta-lactam-resistant peptidoglycan transpeptidase MecA	NA	NA
NA	Contig_2_382.956	821769	824168	+	parC_S80Y	Staphylococcus aureus quinolone resistant ParC	core	AMR	POINT	QUINOLONE	QUINOLONE	POINTX	800	800	100.00	99.50	800	WP_001289586.1	DNA topoisomerase IV subunit A ParC	NA	NA
NA	Contig_34_402.173	70686	71948	+	murA_G257D	Staphylococcus aureus fosfomycin resistant MurA	core	AMR	POINT	FOSFOMYCIN	FOSFOMYCIN	POINTX	421	421	100.00	99.76	421	WP_000358006.1	UDP-N-acetylglucosamine 1-carboxyvinyltransferase MurA	NA	NA
NA	Contig_11_409.488	255427	258087	+	gyrA_S84L	Staphylococcus aureus quinolone resistant GyrA	core	AMR	POINT	QUINOLONE	QUINOLONE	POINTX	887	887	100.00	99.77	887	WP_000819084.1	DNA gyrase subunit A GyrA	NA	NA